#! /usr/bin/vvp
:ivl_version "12.0 (stable)";
:ivl_delay_selection "TYPICAL";
:vpi_time_precision - 12;
:vpi_module "/usr/lib/x86_64-linux-gnu/ivl/system.vpi";
:vpi_module "/usr/lib/x86_64-linux-gnu/ivl/vhdl_sys.vpi";
:vpi_module "/usr/lib/x86_64-linux-gnu/ivl/vhdl_textio.vpi";
:vpi_module "/usr/lib/x86_64-linux-gnu/ivl/v2005_math.vpi";
:vpi_module "/usr/lib/x86_64-linux-gnu/ivl/va_math.vpi";
S_0x612f3c3c1080 .scope module, "sgmii2mac_sync_block_ex" "sgmii2mac_sync_block_ex" 2 7;
 .timescale -12 -12;
    .port_info 0 /INPUT 1 "clk";
    .port_info 1 /INPUT 1 "data_in";
    .port_info 2 /OUTPUT 1 "data_out";
P_0x612f3c3c1210 .param/l "INITIALISE" 0 2 8, C4<00>;
L_0x612f3c3e3e10 .functor BUFZ 1, v0x612f3c3e3c40_0, C4<0>, C4<0>, C4<0>;
o0x78e7f6edc018 .functor BUFZ 1, C4<z>; HiZ drive
v0x612f3c3c1300_0 .net "clk", 0 0, o0x78e7f6edc018;  0 drivers
o0x78e7f6edc048 .functor BUFZ 1, C4<z>; HiZ drive
v0x612f3c3e36d0_0 .net "data_in", 0 0, o0x78e7f6edc048;  0 drivers
v0x612f3c3e3790_0 .net "data_out", 0 0, L_0x612f3c3e3e10;  1 drivers
v0x612f3c3e3830_0 .var "data_sync1", 0 0;
v0x612f3c3e38f0_0 .var "data_sync2", 0 0;
v0x612f3c3e3a00_0 .var "data_sync3", 0 0;
v0x612f3c3e3ac0_0 .var "data_sync4", 0 0;
v0x612f3c3e3b80_0 .var "data_sync5", 0 0;
v0x612f3c3e3c40_0 .var "data_sync6", 0 0;
E_0x612f3c3d3ca0 .event posedge, v0x612f3c3c1300_0;
    .scope S_0x612f3c3c1080;
T_0 ;
    %wait E_0x612f3c3d3ca0;
    %load/vec4 v0x612f3c3e36d0_0;
    %assign/vec4 v0x612f3c3e3830_0, 0;
    %load/vec4 v0x612f3c3e3830_0;
    %assign/vec4 v0x612f3c3e38f0_0, 0;
    %load/vec4 v0x612f3c3e38f0_0;
    %assign/vec4 v0x612f3c3e3a00_0, 0;
    %load/vec4 v0x612f3c3e3a00_0;
    %assign/vec4 v0x612f3c3e3ac0_0, 0;
    %load/vec4 v0x612f3c3e3ac0_0;
    %assign/vec4 v0x612f3c3e3b80_0, 0;
    %load/vec4 v0x612f3c3e3b80_0;
    %assign/vec4 v0x612f3c3e3c40_0, 0;
    %jmp T_0;
    .thread T_0;
# The file index is used to find the file name in the following table.
:file_names 3;
    "N/A";
    "<interactive>";
    "/home/haitaoz/work/FPGA_Prj/fpga_webserver-whitelist_dev/rtl/sgmii2mac_sync_block_ex.v";
