#! /usr/bin/vvp
:ivl_version "12.0 (stable)";
:ivl_delay_selection "TYPICAL";
:vpi_time_precision + 0;
:vpi_module "/usr/lib/x86_64-linux-gnu/ivl/system.vpi";
:vpi_module "/usr/lib/x86_64-linux-gnu/ivl/vhdl_sys.vpi";
:vpi_module "/usr/lib/x86_64-linux-gnu/ivl/vhdl_textio.vpi";
:vpi_module "/usr/lib/x86_64-linux-gnu/ivl/v2005_math.vpi";
:vpi_module "/usr/lib/x86_64-linux-gnu/ivl/va_math.vpi";
S_0x59a4602797b0 .scope module, "IDDR" "IDDR" 2 38;
 .timescale 0 0;
    .port_info 0 /OUTPUT 1 "Q1";
    .port_info 1 /OUTPUT 1 "Q2";
    .port_info 2 /INPUT 1 "C";
    .port_info 3 /INPUT 1 "CE";
    .port_info 4 /INPUT 1 "D";
    .port_info 5 /INPUT 1 "R";
    .port_info 6 /INPUT 1 "S";
P_0x59a460286640 .param/str "DDR_CLK_EDGE" 0 2 39, "SAME_EDGE_PIPELINED";
P_0x59a460286680 .param/l "INIT_Q1" 0 2 40, C4<0>;
P_0x59a4602866c0 .param/l "INIT_Q2" 0 2 41, C4<0>;
P_0x59a460286700 .param/str "SRTYPE" 0 2 42, "SYNC";
o0x788a68fcf018 .functor BUFZ 1, C4<z>; HiZ drive
v0x59a4602a8b10_0 .net "C", 0 0, o0x788a68fcf018;  0 drivers
o0x788a68fcf048 .functor BUFZ 1, C4<z>; HiZ drive
v0x59a4602a9390_0 .net "CE", 0 0, o0x788a68fcf048;  0 drivers
o0x788a68fcf078 .functor BUFZ 1, C4<z>; HiZ drive
v0x59a4602a28d0_0 .net "D", 0 0, o0x788a68fcf078;  0 drivers
v0x59a4602a2a20_0 .var "Q1", 0 0;
v0x59a46029dda0_0 .var "Q2", 0 0;
o0x788a68fcf108 .functor BUFZ 1, C4<z>; HiZ drive
v0x59a46029e040_0 .net "R", 0 0, o0x788a68fcf108;  0 drivers
o0x788a68fcf138 .functor BUFZ 1, C4<z>; HiZ drive
v0x59a460296580_0 .net "S", 0 0, o0x788a68fcf138;  0 drivers
L_0x788a68f86018 .functor BUFT 1, C4<0>, C4<0>, C4<0>, C4<0>;
v0x59a4602942b0_0 .net "rst", 0 0, L_0x788a68f86018;  1 drivers
E_0x59a46028b010/0 .event negedge, v0x59a4602a8b10_0;
E_0x59a46028b010/1 .event posedge, v0x59a4602942b0_0;
E_0x59a46028b010 .event/or E_0x59a46028b010/0, E_0x59a46028b010/1;
E_0x59a46028b2b0 .event posedge, v0x59a4602942b0_0, v0x59a4602a8b10_0;
S_0x59a460286750 .scope module, "IDELAYCTRL" "IDELAYCTRL" 2 8;
 .timescale 0 0;
    .port_info 0 /INPUT 1 "REFCLK";
    .port_info 1 /INPUT 1 "RST";
o0x788a68fcf2e8 .functor BUFZ 1, C4<z>; HiZ drive
v0x59a46028f490_0 .net "REFCLK", 0 0, o0x788a68fcf2e8;  0 drivers
o0x788a68fcf318 .functor BUFZ 1, C4<z>; HiZ drive
v0x59a46028f5e0_0 .net "RST", 0 0, o0x788a68fcf318;  0 drivers
S_0x59a4602868e0 .scope module, "IDELAYE2" "IDELAYE2" 2 14;
 .timescale 0 0;
    .port_info 0 /INPUT 1 "IDATAIN";
    .port_info 1 /OUTPUT 1 "DATAOUT";
    .port_info 2 /INPUT 1 "C";
    .port_info 3 /INPUT 1 "CE";
    .port_info 4 /INPUT 1 "INC";
    .port_info 5 /INPUT 1 "LD";
    .port_info 6 /INPUT 1 "LDPIPEEN";
    .port_info 7 /INPUT 5 "CNTVALUEIN";
    .port_info 8 /OUTPUT 5 "CNTVALUEOUT";
P_0x59a460286f80 .param/str "CINVCTRL_SEL" 0 2 15, "FALSE";
P_0x59a460286fc0 .param/str "DELAY_SRC" 0 2 16, "IDATAIN";
P_0x59a460287000 .param/str "HIGH_PERFORMANCE_MODE" 0 2 17, "TRUE";
P_0x59a460287040 .param/str "IDELAY_TYPE" 0 2 18, "FIXED";
P_0x59a460287080 .param/l "IDELAY_VALUE" 0 2 19, +C4<00000000000000000000000000000000>;
P_0x59a4602870c0 .param/str "PIPE_SEL" 0 2 20, "FALSE";
P_0x59a460287100 .param/real "REFCLK_FREQUENCY" 0 2 21, Cr<m6400000000000000gfc9>; value=200.000
P_0x59a460287140 .param/str "SIGNAL_PATTERN" 0 2 22, "DATA";
o0x788a68fcf498 .functor BUFZ 1, C4<z>; HiZ drive
L_0x59a4602e4420 .functor BUFZ 1, o0x788a68fcf498, C4<0>, C4<0>, C4<0>;
o0x788a68fcf3a8 .functor BUFZ 1, C4<z>; HiZ drive
v0x59a460298bf0_0 .net "C", 0 0, o0x788a68fcf3a8;  0 drivers
o0x788a68fcf3d8 .functor BUFZ 1, C4<z>; HiZ drive
v0x59a460298d40_0 .net "CE", 0 0, o0x788a68fcf3d8;  0 drivers
o0x788a68fcf408 .functor BUFZ 5, C4<zzzzz>; HiZ drive
v0x59a46028d2f0_0 .net "CNTVALUEIN", 4 0, o0x788a68fcf408;  0 drivers
L_0x788a68f86060 .functor BUFT 1, C4<00000>, C4<0>, C4<0>, C4<0>;
v0x59a460287600_0 .net "CNTVALUEOUT", 4 0, L_0x788a68f86060;  1 drivers
v0x59a460287750_0 .net "DATAOUT", 0 0, L_0x59a4602e4420;  1 drivers
v0x59a460287b60_0 .net "IDATAIN", 0 0, o0x788a68fcf498;  0 drivers
o0x788a68fcf4c8 .functor BUFZ 1, C4<z>; HiZ drive
v0x59a4602dd5e0_0 .net "INC", 0 0, o0x788a68fcf4c8;  0 drivers
o0x788a68fcf4f8 .functor BUFZ 1, C4<z>; HiZ drive
v0x59a4602dd6a0_0 .net "LD", 0 0, o0x788a68fcf4f8;  0 drivers
o0x788a68fcf528 .functor BUFZ 1, C4<z>; HiZ drive
v0x59a4602dd760_0 .net "LDPIPEEN", 0 0, o0x788a68fcf528;  0 drivers
S_0x59a46028ce80 .scope module, "ODDR" "ODDR" 2 61;
 .timescale 0 0;
    .port_info 0 /OUTPUT 1 "Q";
    .port_info 1 /INPUT 1 "C";
    .port_info 2 /INPUT 1 "CE";
    .port_info 3 /INPUT 1 "D1";
    .port_info 4 /INPUT 1 "D2";
    .port_info 5 /INPUT 1 "R";
    .port_info 6 /INPUT 1 "S";
P_0x59a4602af2f0 .param/str "DDR_CLK_EDGE" 0 2 62, "SAME_EDGE";
P_0x59a4602af330 .param/l "INIT" 0 2 63, C4<0>;
P_0x59a4602af370 .param/str "SRTYPE" 0 2 64, "SYNC";
o0x788a68fcf708 .functor BUFZ 1, C4<z>; HiZ drive
v0x59a4602dd980_0 .net "C", 0 0, o0x788a68fcf708;  0 drivers
o0x788a68fcf738 .functor BUFZ 1, C4<z>; HiZ drive
v0x59a4602dda60_0 .net "CE", 0 0, o0x788a68fcf738;  0 drivers
o0x788a68fcf768 .functor BUFZ 1, C4<z>; HiZ drive
v0x59a4602ddb20_0 .net "D1", 0 0, o0x788a68fcf768;  0 drivers
o0x788a68fcf798 .functor BUFZ 1, C4<z>; HiZ drive
v0x59a4602ddbc0_0 .net "D2", 0 0, o0x788a68fcf798;  0 drivers
v0x59a4602ddc80_0 .var "Q", 0 0;
o0x788a68fcf7f8 .functor BUFZ 1, C4<z>; HiZ drive
v0x59a4602ddd90_0 .net "R", 0 0, o0x788a68fcf7f8;  0 drivers
o0x788a68fcf828 .functor BUFZ 1, C4<z>; HiZ drive
v0x59a4602dde50_0 .net "S", 0 0, o0x788a68fcf828;  0 drivers
E_0x59a46028a520/0 .event negedge, v0x59a4602dd980_0;
E_0x59a46028a520/1 .event posedge, v0x59a4602dd980_0;
E_0x59a46028a520 .event/or E_0x59a46028a520/0, E_0x59a46028a520/1;
S_0x59a460298680 .scope module, "rgmii2gmii" "rgmii2gmii" 2 167;
 .timescale 0 0;
    .port_info 0 /INPUT 1 "reset_l";
    .port_info 1 /INPUT 1 "clk_200m";
    .port_info 2 /INPUT 1 "gmii_tx_clk";
    .port_info 3 /INPUT 1 "gmii_tx_en";
    .port_info 4 /INPUT 8 "gmii_txd";
    .port_info 5 /INPUT 1 "rgmii_rxc";
    .port_info 6 /INPUT 1 "rgmii_rx_ctl";
    .port_info 7 /INPUT 4 "rgmii_rxd";
    .port_info 8 /OUTPUT 1 "gmii_rx_clk";
    .port_info 9 /OUTPUT 1 "gmii_rx_dv";
    .port_info 10 /OUTPUT 8 "gmii_rxd";
    .port_info 11 /OUTPUT 1 "rgmii_txc";
    .port_info 12 /OUTPUT 1 "rgmii_tx_ctl";
    .port_info 13 /OUTPUT 4 "rgmii_txd";
P_0x59a460272a00 .param/l "Xilinx_IDELAY_VALUE" 0 2 168, +C4<00000000000000000000000000010000>;
P_0x59a460272a40 .param/str "vendor" 0 2 169, "Pango";
o0x788a68fcf9a8 .functor BUFZ 1, C4<z>; HiZ drive
v0x59a4602e02a0_0 .net "clk_200m", 0 0, o0x788a68fcf9a8;  0 drivers
L_0x788a68f860a8 .functor BUFT 1, C4<0>, C4<0>, C4<0>, C4<0>;
v0x59a4602e0390_0 .net "dmy", 0 0, L_0x788a68f860a8;  1 drivers
v0x59a4602e0460_0 .net "gmii_rx_clk", 0 0, L_0x59a4602e4540;  1 drivers
v0x59a4602e0560_0 .net "gmii_rx_dv", 0 0, L_0x59a4602e4710;  1 drivers
v0x59a4602e0630_0 .net "gmii_rxd", 7 0, L_0x59a4602e4600;  1 drivers
o0x788a68fcfe28 .functor BUFZ 1, C4<z>; HiZ drive
v0x59a4602e06d0_0 .net "gmii_tx_clk", 0 0, o0x788a68fcfe28;  0 drivers
o0x788a68fcfe58 .functor BUFZ 1, C4<z>; HiZ drive
v0x59a4602e07c0_0 .net "gmii_tx_en", 0 0, o0x788a68fcfe58;  0 drivers
o0x788a68fcfeb8 .functor BUFZ 8, C4<zzzzzzzz>; HiZ drive
v0x59a4602e0860_0 .net "gmii_txd", 7 0, o0x788a68fcfeb8;  0 drivers
o0x788a68fcfb28 .functor BUFZ 1, C4<z>; HiZ drive
v0x59a4602e0930_0 .net "reset_l", 0 0, o0x788a68fcfb28;  0 drivers
o0x788a68fcfb58 .functor BUFZ 1, C4<z>; HiZ drive
v0x59a4602e0a60_0 .net "rgmii_rx_ctl", 0 0, o0x788a68fcfb58;  0 drivers
o0x788a68fcfb88 .functor BUFZ 1, C4<z>; HiZ drive
v0x59a4602e0b00_0 .net "rgmii_rxc", 0 0, o0x788a68fcfb88;  0 drivers
o0x788a68fcfbb8 .functor BUFZ 4, C4<zzzz>; HiZ drive
v0x59a4602e0bd0_0 .net "rgmii_rxd", 3 0, o0x788a68fcfbb8;  0 drivers
v0x59a4602e0ca0_0 .net "rgmii_tx_ctl", 0 0, L_0x59a4602e4a10;  1 drivers
v0x59a4602e0d70_0 .net "rgmii_txc", 0 0, L_0x59a4602e4820;  1 drivers
v0x59a4602e0e40_0 .net "rgmii_txd", 3 0, L_0x59a4602e48e0;  1 drivers
S_0x59a4602ddff0 .scope module, "u_rx" "rgmii_rx" 2 190, 2 82 0, S_0x59a460298680;
 .timescale 0 0;
    .port_info 0 /INPUT 1 "reset_l";
    .port_info 1 /INPUT 1 "clk_200m";
    .port_info 2 /INPUT 1 "rgmii_rxc";
    .port_info 3 /INPUT 1 "rgmii_rx_ctl";
    .port_info 4 /INPUT 4 "rgmii_rxd";
    .port_info 5 /OUTPUT 1 "gmii_rx_dv";
    .port_info 6 /OUTPUT 8 "gmii_rxd";
    .port_info 7 /OUTPUT 1 "gmii_rx_clk";
    .port_info 8 /OUTPUT 1 "gmii_tx_clk_deg";
P_0x59a4602de1f0 .param/l "Xilinx_IDELAY_VALUE" 0 2 83, +C4<00000000000000000000000000010000>;
P_0x59a4602de230 .param/str "vendor" 0 2 84, "Pango";
L_0x59a4602e4540 .functor BUFZ 1, o0x788a68fcfb88, C4<0>, C4<0>, C4<0>;
L_0x59a4602e4710 .functor BUFZ 1, v0x59a4602def30_0, C4<0>, C4<0>, C4<0>;
v0x59a4602de560_0 .net "clk_200m", 0 0, o0x788a68fcf9a8;  alias, 0 drivers
v0x59a4602de640_0 .var "ctl_cap", 0 0;
v0x59a4602de700_0 .net "gmii_rx_clk", 0 0, L_0x59a4602e4540;  alias, 1 drivers
v0x59a4602de7a0_0 .net "gmii_rx_dv", 0 0, L_0x59a4602e4710;  alias, 1 drivers
v0x59a4602de860_0 .net "gmii_rxd", 7 0, L_0x59a4602e4600;  alias, 1 drivers
v0x59a4602de990_0 .net "gmii_tx_clk_deg", 0 0, L_0x788a68f860a8;  alias, 1 drivers
v0x59a4602dea50_0 .var "neg_cap", 3 0;
v0x59a4602deb30_0 .var "pos_cap", 3 0;
v0x59a4602dec10_0 .net "reset_l", 0 0, o0x788a68fcfb28;  alias, 0 drivers
v0x59a4602decd0_0 .net "rgmii_rx_ctl", 0 0, o0x788a68fcfb58;  alias, 0 drivers
v0x59a4602ded90_0 .net "rgmii_rxc", 0 0, o0x788a68fcfb88;  alias, 0 drivers
v0x59a4602dee50_0 .net "rgmii_rxd", 3 0, o0x788a68fcfbb8;  alias, 0 drivers
v0x59a4602def30_0 .var "rx_ctl_d", 0 0;
v0x59a4602deff0_0 .var "rx_h", 3 0;
v0x59a4602df0d0_0 .var "rx_l", 3 0;
E_0x59a46028adb0 .event negedge, v0x59a4602ded90_0;
E_0x59a46028b4d0 .event posedge, v0x59a4602ded90_0;
L_0x59a4602e4600 .concat [ 4 4 0 0], v0x59a4602df0d0_0, v0x59a4602deff0_0;
S_0x59a4602df2d0 .scope module, "u_tx" "rgmii_tx" 2 203, 2 132 0, S_0x59a460298680;
 .timescale 0 0;
    .port_info 0 /INPUT 1 "reset_l";
    .port_info 1 /INPUT 1 "gmii_tx_er";
    .port_info 2 /INPUT 1 "gmii_tx_clk";
    .port_info 3 /INPUT 1 "gmii_tx_en";
    .port_info 4 /INPUT 8 "gmii_txd";
    .port_info 5 /INPUT 1 "gmii_tx_clk_deg";
    .port_info 6 /OUTPUT 1 "rgmii_txc";
    .port_info 7 /OUTPUT 1 "rgmii_tx_ctl";
    .port_info 8 /OUTPUT 4 "rgmii_txd";
P_0x59a4602df480 .param/str "vendor" 0 2 133, "Pango";
L_0x59a4602e4820 .functor NOT 1, o0x788a68fcfe28, C4<0>, C4<0>, C4<0>;
v0x59a4602df6b0_0 .net "gmii_tx_clk", 0 0, o0x788a68fcfe28;  alias, 0 drivers
v0x59a4602df790_0 .net "gmii_tx_clk_deg", 0 0, o0x788a68fcfe28;  alias, 0 drivers
v0x59a4602df850_0 .net "gmii_tx_en", 0 0, o0x788a68fcfe58;  alias, 0 drivers
L_0x788a68f860f0 .functor BUFT 1, C4<0>, C4<0>, C4<0>, C4<0>;
v0x59a4602df920_0 .net "gmii_tx_er", 0 0, L_0x788a68f860f0;  1 drivers
v0x59a4602df9c0_0 .net "gmii_txd", 7 0, o0x788a68fcfeb8;  alias, 0 drivers
v0x59a4602dfad0_0 .net "reset_l", 0 0, o0x788a68fcfb28;  alias, 0 drivers
v0x59a4602dfb70_0 .net "rgmii_tx_ctl", 0 0, L_0x59a4602e4a10;  alias, 1 drivers
v0x59a4602dfc10_0 .net "rgmii_txc", 0 0, L_0x59a4602e4820;  alias, 1 drivers
v0x59a4602dfcd0_0 .net "rgmii_txd", 3 0, L_0x59a4602e48e0;  alias, 1 drivers
v0x59a4602dfe40_0 .var "tx_c_neg", 0 0;
v0x59a4602dff00_0 .var "tx_c_pos", 0 0;
v0x59a4602dffc0_0 .var "tx_d_neg", 3 0;
v0x59a4602e00a0_0 .var "tx_d_pos", 3 0;
E_0x59a46028b720 .event negedge, v0x59a4602df6b0_0;
E_0x59a46028bc30 .event posedge, v0x59a4602df6b0_0;
L_0x59a4602e48e0 .functor MUXZ 4, v0x59a4602e00a0_0, v0x59a4602dffc0_0, o0x788a68fcfe28, C4<>;
L_0x59a4602e4a10 .functor MUXZ 1, v0x59a4602dff00_0, v0x59a4602dfe40_0, o0x788a68fcfe28, C4<>;
S_0x59a46028ef40 .scope module, "simple_dual_port_ram" "simple_dual_port_ram" 2 219;
 .timescale 0 0;
    .port_info 0 /INPUT 1 "aclk";
    .port_info 1 /INPUT 1 "aclk_en";
    .port_info 2 /INPUT 1 "awr_en";
    .port_info 3 /INPUT 4 "awr_addr";
    .port_info 4 /INPUT 8 "awr_data";
    .port_info 5 /INPUT 1 "bclk";
    .port_info 6 /INPUT 1 "bclk_en";
    .port_info 7 /INPUT 4 "brd_addr";
    .port_info 8 /OUTPUT 8 "brd_data";
P_0x59a46027a270 .param/l "addr_width" 0 2 230, +C4<00000000000000000000000000000100>;
P_0x59a46027a2b0 .param/l "data_width" 0 2 230, +C4<00000000000000000000000000001000>;
P_0x59a46027a2f0 .param/str "ram_type" 0 2 230, "registers";
o0x788a68fd0488 .functor BUFZ 1, C4<z>; HiZ drive
v0x59a4602e1070_0 .net "aclk", 0 0, o0x788a68fd0488;  0 drivers
o0x788a68fd04b8 .functor BUFZ 1, C4<z>; HiZ drive
v0x59a4602e1150_0 .net "aclk_en", 0 0, o0x788a68fd04b8;  0 drivers
o0x788a68fd04e8 .functor BUFZ 4, C4<zzzz>; HiZ drive
v0x59a4602e1210_0 .net "awr_addr", 3 0, o0x788a68fd04e8;  0 drivers
o0x788a68fd0518 .functor BUFZ 8, C4<zzzzzzzz>; HiZ drive
v0x59a4602e1300_0 .net "awr_data", 7 0, o0x788a68fd0518;  0 drivers
o0x788a68fd0548 .functor BUFZ 1, C4<z>; HiZ drive
v0x59a4602e13e0_0 .net "awr_en", 0 0, o0x788a68fd0548;  0 drivers
o0x788a68fd0578 .functor BUFZ 1, C4<z>; HiZ drive
v0x59a4602e14f0_0 .net "bclk", 0 0, o0x788a68fd0578;  0 drivers
o0x788a68fd05a8 .functor BUFZ 1, C4<z>; HiZ drive
v0x59a4602e15b0_0 .net "bclk_en", 0 0, o0x788a68fd05a8;  0 drivers
o0x788a68fd05d8 .functor BUFZ 4, C4<zzzz>; HiZ drive
v0x59a4602e1670_0 .net "brd_addr", 3 0, o0x788a68fd05d8;  0 drivers
v0x59a4602e1750_0 .var "brd_data", 7 0;
v0x59a4602e18c0_0 .var/i "i", 31 0;
v0x59a4602e19a0 .array "ram", 15 0, 7 0;
E_0x59a46028b760 .event posedge, v0x59a4602e14f0_0;
E_0x59a4602726a0 .event posedge, v0x59a4602e1070_0;
S_0x59a460293db0 .scope module, "single_clock_true_dual_port_ram_v2" "single_clock_true_dual_port_ram_v2" 2 249;
 .timescale 0 0;
    .port_info 0 /INPUT 1 "clk";
    .port_info 1 /INPUT 1 "aclk_en";
    .port_info 2 /INPUT 1 "awr_en";
    .port_info 3 /INPUT 4 "aaddr";
    .port_info 4 /INPUT 32 "awr_data";
    .port_info 5 /OUTPUT 32 "ard_data";
    .port_info 6 /INPUT 1 "bclk_en";
    .port_info 7 /INPUT 1 "bwr_en";
    .port_info 8 /INPUT 4 "baddr";
    .port_info 9 /INPUT 32 "bwr_data";
    .port_info 10 /OUTPUT 32 "brd_data";
P_0x59a46028f2f0 .param/l "addr_width" 0 2 262, +C4<00000000000000000000000000000100>;
P_0x59a46028f330 .param/l "data_width" 0 2 262, +C4<00000000000000000000000000100000>;
P_0x59a46028f370 .param/str "ram_type" 0 2 262, "M9K";
o0x788a68fd0818 .functor BUFZ 4, C4<zzzz>; HiZ drive
v0x59a4602e1bc0_0 .net "aaddr", 3 0, o0x788a68fd0818;  0 drivers
o0x788a68fd0848 .functor BUFZ 1, C4<z>; HiZ drive
v0x59a4602e1cc0_0 .net "aclk_en", 0 0, o0x788a68fd0848;  0 drivers
v0x59a4602e1d80_0 .var "ard_data", 31 0;
o0x788a68fd08a8 .functor BUFZ 32, C4<zzzzzzzzzzzzzzzzzzzzzzzzzzzzzzzz>; HiZ drive
v0x59a4602e1e40_0 .net "awr_data", 31 0, o0x788a68fd08a8;  0 drivers
o0x788a68fd08d8 .functor BUFZ 1, C4<z>; HiZ drive
v0x59a4602e1f20_0 .net "awr_en", 0 0, o0x788a68fd08d8;  0 drivers
o0x788a68fd0908 .functor BUFZ 4, C4<zzzz>; HiZ drive
v0x59a4602e1fe0_0 .net "baddr", 3 0, o0x788a68fd0908;  0 drivers
o0x788a68fd0938 .functor BUFZ 1, C4<z>; HiZ drive
v0x59a4602e20c0_0 .net "bclk_en", 0 0, o0x788a68fd0938;  0 drivers
v0x59a4602e2180_0 .var "brd_data", 31 0;
o0x788a68fd0998 .functor BUFZ 32, C4<zzzzzzzzzzzzzzzzzzzzzzzzzzzzzzzz>; HiZ drive
v0x59a4602e2260_0 .net "bwr_data", 31 0, o0x788a68fd0998;  0 drivers
o0x788a68fd09c8 .functor BUFZ 1, C4<z>; HiZ drive
v0x59a4602e23d0_0 .net "bwr_en", 0 0, o0x788a68fd09c8;  0 drivers
o0x788a68fd09f8 .functor BUFZ 1, C4<z>; HiZ drive
v0x59a4602e2490_0 .net "clk", 0 0, o0x788a68fd09f8;  0 drivers
v0x59a4602e2550_0 .var/i "i", 31 0;
v0x59a4602e2630 .array "ram", 15 0, 31 0;
E_0x59a4602c19e0 .event posedge, v0x59a4602e2490_0;
S_0x59a46029d0c0 .scope module, "vendor_stubs" "vendor_stubs" 2 287;
 .timescale 0 0;
    .port_info 0 /INPUT 1 "sleep";
    .port_info 1 /INPUT 1 "clka";
    .port_info 2 /INPUT 1 "rsta";
    .port_info 3 /INPUT 1 "ena";
    .port_info 4 /INPUT 1 "regcea";
    .port_info 5 /INPUT 32 "dina";
    .port_info 6 /INPUT 32 "injectsbiterra";
    .port_info 7 /INPUT 32 "injectdbiterra";
    .port_info 8 /OUTPUT 32 "douta";
    .port_info 9 /OUTPUT 1 "sbiterra";
    .port_info 10 /OUTPUT 1 "dbiterra";
    .port_info 11 /INPUT 10 "addra";
    .port_info 12 /INPUT 32 "wea";
    .port_info 13 /INPUT 1 "clkb";
    .port_info 14 /INPUT 1 "rstb";
    .port_info 15 /INPUT 1 "enb";
    .port_info 16 /INPUT 1 "regceb";
    .port_info 17 /INPUT 32 "dinb";
    .port_info 18 /INPUT 32 "injectsbiterrb";
    .port_info 19 /INPUT 32 "injectdbiterrb";
    .port_info 20 /OUTPUT 32 "doutb";
    .port_info 21 /OUTPUT 1 "sbiterrb";
    .port_info 22 /OUTPUT 1 "dbiterrb";
    .port_info 23 /INPUT 10 "addrb";
    .port_info 24 /INPUT 32 "web";
P_0x59a4602c2750 .param/l "ADDR_WIDTH_A" 0 2 301, +C4<00000000000000000000000000001010>;
P_0x59a4602c2790 .param/l "ADDR_WIDTH_B" 0 2 307, +C4<00000000000000000000000000001010>;
P_0x59a4602c27d0 .param/l "AUTO_SLEEP_TIME" 0 2 297, +C4<00000000000000000000000000000000>;
P_0x59a4602c2810 .param/l "BYTE_WRITE_WIDTH_A" 0 2 300, +C4<00000000000000000000000000100000>;
P_0x59a4602c2850 .param/l "BYTE_WRITE_WIDTH_B" 0 2 306, +C4<00000000000000000000000000100000>;
P_0x59a4602c2890 .param/l "CASCADE_HEIGHT" 0 2 316, +C4<00000000000000000000000000000000>;
P_0x59a4602c28d0 .param/str "CLOCKING_MODE" 0 2 290, "common_clock";
P_0x59a4602c2910 .param/l "DEPTH" 1 2 345, +C4<00000000000000000000000001000000>;
P_0x59a4602c2950 .param/str "ECC_MODE" 0 2 296, "no_ecc";
P_0x59a4602c2990 .param/str "MEMORY_INIT_FILE" 0 2 291, "none";
P_0x59a4602c29d0 .param/str "MEMORY_INIT_PARAM" 0 2 292, "\000";
P_0x59a4602c2a10 .param/str "MEMORY_OPTIMIZATION" 0 2 313, "true";
P_0x59a4602c2a50 .param/str "MEMORY_PRIMITIVE" 0 2 289, "block";
P_0x59a4602c2a90 .param/l "MEMORY_SIZE" 0 2 288, +C4<00000000000000000000100000000000>;
P_0x59a4602c2ad0 .param/l "MESSAGE_CONTROL" 0 2 295, +C4<00000000000000000000000000000000>;
P_0x59a4602c2b10 .param/l "READ_DATA_WIDTH_A" 0 2 299, +C4<00000000000000000000000000100000>;
P_0x59a4602c2b50 .param/l "READ_DATA_WIDTH_B" 0 2 305, +C4<00000000000000000000000000100000>;
P_0x59a4602c2b90 .param/l "READ_LATENCY_A" 0 2 303, +C4<00000000000000000000000000000001>;
P_0x59a4602c2bd0 .param/l "READ_LATENCY_B" 0 2 309, +C4<00000000000000000000000000000001>;
P_0x59a4602c2c10 .param/str "READ_RESET_VALUE_A" 0 2 302, "0";
P_0x59a4602c2c50 .param/str "READ_RESET_VALUE_B" 0 2 308, "0";
P_0x59a4602c2c90 .param/str "RST_MODE_A" 0 2 314, "SYNC";
P_0x59a4602c2cd0 .param/str "RST_MODE_B" 0 2 315, "SYNC";
P_0x59a4602c2d10 .param/l "SIM_ASSERT_CHK" 0 2 312, +C4<00000000000000000000000000000000>;
P_0x59a4602c2d50 .param/l "USE_EMBEDDED_CONSTRAINT" 0 2 317, +C4<00000000000000000000000000000000>;
P_0x59a4602c2d90 .param/l "USE_MEM_INIT" 0 2 293, +C4<00000000000000000000000000000001>;
P_0x59a4602c2dd0 .param/str "WAKEUP_TIME" 0 2 294, "disable_sleep";
P_0x59a4602c2e10 .param/l "WRITE_DATA_WIDTH_A" 0 2 298, +C4<00000000000000000000000000100000>;
P_0x59a4602c2e50 .param/l "WRITE_DATA_WIDTH_B" 0 2 304, +C4<00000000000000000000000000100000>;
P_0x59a4602c2e90 .param/str "WRITE_MODE_A" 0 2 310, "no_change";
P_0x59a4602c2ed0 .param/str "WRITE_MODE_B" 0 2 311, "no_change";
o0x788a68fd0c68 .functor BUFZ 10, C4<zzzzzzzzzz>; HiZ drive
v0x59a4602e28b0_0 .net "addra", 9 0, o0x788a68fd0c68;  0 drivers
o0x788a68fd0c98 .functor BUFZ 10, C4<zzzzzzzzzz>; HiZ drive
v0x59a4602e29b0_0 .net "addrb", 9 0, o0x788a68fd0c98;  0 drivers
o0x788a68fd0cc8 .functor BUFZ 1, C4<z>; HiZ drive
v0x59a4602e2a90_0 .net "clka", 0 0, o0x788a68fd0cc8;  0 drivers
o0x788a68fd0cf8 .functor BUFZ 1, C4<z>; HiZ drive
v0x59a4602e2b30_0 .net "clkb", 0 0, o0x788a68fd0cf8;  0 drivers
L_0x788a68f86180 .functor BUFT 1, C4<0>, C4<0>, C4<0>, C4<0>;
v0x59a4602e2bf0_0 .net "dbiterra", 0 0, L_0x788a68f86180;  1 drivers
L_0x788a68f86210 .functor BUFT 1, C4<0>, C4<0>, C4<0>, C4<0>;
v0x59a4602e2cb0_0 .net "dbiterrb", 0 0, L_0x788a68f86210;  1 drivers
o0x788a68fd0d88 .functor BUFZ 32, C4<zzzzzzzzzzzzzzzzzzzzzzzzzzzzzzzz>; HiZ drive
v0x59a4602e2d70_0 .net "dina", 31 0, o0x788a68fd0d88;  0 drivers
o0x788a68fd0db8 .functor BUFZ 32, C4<zzzzzzzzzzzzzzzzzzzzzzzzzzzzzzzz>; HiZ drive
v0x59a4602e2e50_0 .net "dinb", 31 0, o0x788a68fd0db8;  0 drivers
v0x59a4602e2f30_0 .var "douta", 31 0;
v0x59a4602e30a0_0 .var "doutb", 31 0;
o0x788a68fd0e48 .functor BUFZ 1, C4<z>; HiZ drive
v0x59a4602e3180_0 .net "ena", 0 0, o0x788a68fd0e48;  0 drivers
o0x788a68fd0e78 .functor BUFZ 1, C4<z>; HiZ drive
v0x59a4602e3240_0 .net "enb", 0 0, o0x788a68fd0e78;  0 drivers
v0x59a4602e3300_0 .var/i "i", 31 0;
o0x788a68fd0ed8 .functor BUFZ 32, C4<zzzzzzzzzzzzzzzzzzzzzzzzzzzzzzzz>; HiZ drive
v0x59a4602e33e0_0 .net "injectdbiterra", 31 0, o0x788a68fd0ed8;  0 drivers
o0x788a68fd0f08 .functor BUFZ 32, C4<zzzzzzzzzzzzzzzzzzzzzzzzzzzzzzzz>; HiZ drive
v0x59a4602e34c0_0 .net "injectdbiterrb", 31 0, o0x788a68fd0f08;  0 drivers
o0x788a68fd0f38 .functor BUFZ 32, C4<zzzzzzzzzzzzzzzzzzzzzzzzzzzzzzzz>; HiZ drive
v0x59a4602e35a0_0 .net "injectsbiterra", 31 0, o0x788a68fd0f38;  0 drivers
o0x788a68fd0f68 .functor BUFZ 32, C4<zzzzzzzzzzzzzzzzzzzzzzzzzzzzzzzz>; HiZ drive
v0x59a4602e3680_0 .net "injectsbiterrb", 31 0, o0x788a68fd0f68;  0 drivers
v0x59a4602e3870 .array "ram", 63 0, 31 0;
o0x788a68fd0f98 .functor BUFZ 1, C4<z>; HiZ drive
v0x59a4602e3930_0 .net "regcea", 0 0, o0x788a68fd0f98;  0 drivers
o0x788a68fd0fc8 .functor BUFZ 1, C4<z>; HiZ drive
v0x59a4602e39f0_0 .net "regceb", 0 0, o0x788a68fd0fc8;  0 drivers
o0x788a68fd0ff8 .functor BUFZ 1, C4<z>; HiZ drive
v0x59a4602e3ab0_0 .net "rsta", 0 0, o0x788a68fd0ff8;  0 drivers
o0x788a68fd1028 .functor BUFZ 1, C4<z>; HiZ drive
v0x59a4602e3b70_0 .net "rstb", 0 0, o0x788a68fd1028;  0 drivers
L_0x788a68f86138 .functor BUFT 1, C4<0>, C4<0>, C4<0>, C4<0>;
v0x59a4602e3c30_0 .net "sbiterra", 0 0, L_0x788a68f86138;  1 drivers
L_0x788a68f861c8 .functor BUFT 1, C4<0>, C4<0>, C4<0>, C4<0>;
v0x59a4602e3cf0_0 .net "sbiterrb", 0 0, L_0x788a68f861c8;  1 drivers
o0x788a68fd10b8 .functor BUFZ 1, C4<z>; HiZ drive
v0x59a4602e3db0_0 .net "sleep", 0 0, o0x788a68fd10b8;  0 drivers
o0x788a68fd10e8 .functor BUFZ 32, C4<zzzzzzzzzzzzzzzzzzzzzzzzzzzzzzzz>; HiZ drive
v0x59a4602e3e70_0 .net "wea", 31 0, o0x788a68fd10e8;  0 drivers
o0x788a68fd1118 .functor BUFZ 32, C4<zzzzzzzzzzzzzzzzzzzzzzzzzzzzzzzz>; HiZ drive
v0x59a4602e3f50_0 .net "web", 31 0, o0x788a68fd1118;  0 drivers
E_0x59a4602c1290 .event posedge, v0x59a4602e2b30_0;
E_0x59a4602c1a50 .event posedge, v0x59a4602e2a90_0;
    .scope S_0x59a4602797b0;
T_0 ;
    %wait E_0x59a46028b2b0;
    %load/vec4 v0x59a4602942b0_0;
    %flag_set/vec4 8;
    %jmp/0xz  T_0.0, 8;
    %pushi/vec4 0, 0, 1;
    %assign/vec4 v0x59a4602a2a20_0, 0;
    %jmp T_0.1;
T_0.0 ;
    %load/vec4 v0x59a4602a9390_0;
    %flag_set/vec4 8;
    %jmp/0xz  T_0.2, 8;
    %load/vec4 v0x59a4602a28d0_0;
    %assign/vec4 v0x59a4602a2a20_0, 0;
T_0.2 ;
T_0.1 ;
    %jmp T_0;
    .thread T_0;
    .scope S_0x59a4602797b0;
T_1 ;
    %wait E_0x59a46028b010;
    %load/vec4 v0x59a4602942b0_0;
    %flag_set/vec4 8;
    %jmp/0xz  T_1.0, 8;
    %pushi/vec4 0, 0, 1;
    %assign/vec4 v0x59a46029dda0_0, 0;
    %jmp T_1.1;
T_1.0 ;
    %load/vec4 v0x59a4602a9390_0;
    %flag_set/vec4 8;
    %jmp/0xz  T_1.2, 8;
    %load/vec4 v0x59a4602a28d0_0;
    %assign/vec4 v0x59a46029dda0_0, 0;
T_1.2 ;
T_1.1 ;
    %jmp T_1;
    .thread T_1;
    .scope S_0x59a46028ce80;
T_2 ;
    %wait E_0x59a46028a520;
    %load/vec4 v0x59a4602dd980_0;
    %flag_set/vec4 8;
    %jmp/0xz  T_2.0, 8;
    %load/vec4 v0x59a4602ddb20_0;
    %assign/vec4 v0x59a4602ddc80_0, 0;
    %jmp T_2.1;
T_2.0 ;
    %load/vec4 v0x59a4602ddbc0_0;
    %assign/vec4 v0x59a4602ddc80_0, 0;
T_2.1 ;
    %jmp T_2;
    .thread T_2;
    .scope S_0x59a4602ddff0;
T_3 ;
    %wait E_0x59a46028b4d0;
    %load/vec4 v0x59a4602deb30_0;
    %assign/vec4 v0x59a4602df0d0_0, 0;
    %load/vec4 v0x59a4602dea50_0;
    %assign/vec4 v0x59a4602deff0_0, 0;
    %load/vec4 v0x59a4602de640_0;
    %assign/vec4 v0x59a4602def30_0, 0;
    %load/vec4 v0x59a4602dee50_0;
    %assign/vec4 v0x59a4602deb30_0, 0;
    %load/vec4 v0x59a4602decd0_0;
    %assign/vec4 v0x59a4602de640_0, 0;
    %jmp T_3;
    .thread T_3;
    .scope S_0x59a4602ddff0;
T_4 ;
    %wait E_0x59a46028adb0;
    %load/vec4 v0x59a4602dee50_0;
    %assign/vec4 v0x59a4602dea50_0, 0;
    %jmp T_4;
    .thread T_4;
    .scope S_0x59a4602df2d0;
T_5 ;
    %wait E_0x59a46028bc30;
    %load/vec4 v0x59a4602df9c0_0;
    %parti/s 4, 0, 2;
    %assign/vec4 v0x59a4602e00a0_0, 0;
    %load/vec4 v0x59a4602df850_0;
    %assign/vec4 v0x59a4602dff00_0, 0;
    %jmp T_5;
    .thread T_5;
    .scope S_0x59a4602df2d0;
T_6 ;
    %wait E_0x59a46028b720;
    %load/vec4 v0x59a4602df9c0_0;
    %parti/s 4, 4, 4;
    %assign/vec4 v0x59a4602dffc0_0, 0;
    %load/vec4 v0x59a4602df850_0;
    %load/vec4 v0x59a4602df920_0;
    %xor;
    %assign/vec4 v0x59a4602dfe40_0, 0;
    %jmp T_6;
    .thread T_6;
    .scope S_0x59a46028ef40;
T_7 ;
    %pushi/vec4 0, 0, 32;
    %store/vec4 v0x59a4602e18c0_0, 0, 32;
T_7.0 ;
    %load/vec4 v0x59a4602e18c0_0;
    %cmpi/s 16, 0, 32;
    %jmp/0xz T_7.1, 5;
    %pushi/vec4 0, 0, 8;
    %ix/getv/s 4, v0x59a4602e18c0_0;
    %store/vec4a v0x59a4602e19a0, 4, 0;
    %load/vec4 v0x59a4602e18c0_0;
    %addi 1, 0, 32;
    %store/vec4 v0x59a4602e18c0_0, 0, 32;
    %jmp T_7.0;
T_7.1 ;
    %end;
    .thread T_7;
    .scope S_0x59a46028ef40;
T_8 ;
    %wait E_0x59a4602726a0;
    %load/vec4 v0x59a4602e1150_0;
    %flag_set/vec4 9;
    %flag_get/vec4 9;
    %jmp/0 T_8.2, 9;
    %load/vec4 v0x59a4602e13e0_0;
    %and;
T_8.2;
    %flag_set/vec4 8;
    %jmp/0xz  T_8.0, 8;
    %load/vec4 v0x59a4602e1300_0;
    %load/vec4 v0x59a4602e1210_0;
    %pad/u 6;
    %ix/vec4 3;
    %ix/load 4, 0, 0; Constant delay
    %assign/vec4/a/d v0x59a4602e19a0, 0, 4;
T_8.0 ;
    %jmp T_8;
    .thread T_8;
    .scope S_0x59a46028ef40;
T_9 ;
    %wait E_0x59a46028b760;
    %load/vec4 v0x59a4602e15b0_0;
    %flag_set/vec4 8;
    %jmp/0xz  T_9.0, 8;
    %load/vec4 v0x59a4602e1670_0;
    %pad/u 6;
    %ix/vec4 4;
    %load/vec4a v0x59a4602e19a0, 4;
    %assign/vec4 v0x59a4602e1750_0, 0;
T_9.0 ;
    %jmp T_9;
    .thread T_9;
    .scope S_0x59a460293db0;
T_10 ;
    %pushi/vec4 0, 0, 32;
    %store/vec4 v0x59a4602e2550_0, 0, 32;
T_10.0 ;
    %load/vec4 v0x59a4602e2550_0;
    %cmpi/s 16, 0, 32;
    %jmp/0xz T_10.1, 5;
    %pushi/vec4 0, 0, 32;
    %ix/getv/s 4, v0x59a4602e2550_0;
    %store/vec4a v0x59a4602e2630, 4, 0;
    %load/vec4 v0x59a4602e2550_0;
    %addi 1, 0, 32;
    %store/vec4 v0x59a4602e2550_0, 0, 32;
    %jmp T_10.0;
T_10.1 ;
    %end;
    .thread T_10;
    .scope S_0x59a460293db0;
T_11 ;
    %wait E_0x59a4602c19e0;
    %load/vec4 v0x59a4602e1cc0_0;
    %flag_set/vec4 9;
    %flag_get/vec4 9;
    %jmp/0 T_11.2, 9;
    %load/vec4 v0x59a4602e1f20_0;
    %and;
T_11.2;
    %flag_set/vec4 8;
    %jmp/0xz  T_11.0, 8;
    %load/vec4 v0x59a4602e1e40_0;
    %load/vec4 v0x59a4602e1bc0_0;
    %pad/u 6;
    %ix/vec4 3;
    %ix/load 4, 0, 0; Constant delay
    %assign/vec4/a/d v0x59a4602e2630, 0, 4;
T_11.0 ;
    %load/vec4 v0x59a4602e1bc0_0;
    %pad/u 6;
    %ix/vec4 4;
    %load/vec4a v0x59a4602e2630, 4;
    %assign/vec4 v0x59a4602e1d80_0, 0;
    %load/vec4 v0x59a4602e20c0_0;
    %flag_set/vec4 9;
    %flag_get/vec4 9;
    %jmp/0 T_11.5, 9;
    %load/vec4 v0x59a4602e23d0_0;
    %and;
T_11.5;
    %flag_set/vec4 8;
    %jmp/0xz  T_11.3, 8;
    %load/vec4 v0x59a4602e2260_0;
    %load/vec4 v0x59a4602e1fe0_0;
    %pad/u 6;
    %ix/vec4 3;
    %ix/load 4, 0, 0; Constant delay
    %assign/vec4/a/d v0x59a4602e2630, 0, 4;
T_11.3 ;
    %load/vec4 v0x59a4602e1fe0_0;
    %pad/u 6;
    %ix/vec4 4;
    %load/vec4a v0x59a4602e2630, 4;
    %assign/vec4 v0x59a4602e2180_0, 0;
    %jmp T_11;
    .thread T_11;
    .scope S_0x59a46029d0c0;
T_12 ;
    %pushi/vec4 0, 0, 32;
    %store/vec4 v0x59a4602e3300_0, 0, 32;
T_12.0 ;
    %load/vec4 v0x59a4602e3300_0;
    %cmpi/s 64, 0, 32;
    %jmp/0xz T_12.1, 5;
    %pushi/vec4 0, 0, 32;
    %ix/getv/s 4, v0x59a4602e3300_0;
    %store/vec4a v0x59a4602e3870, 4, 0;
    %load/vec4 v0x59a4602e3300_0;
    %addi 1, 0, 32;
    %store/vec4 v0x59a4602e3300_0, 0, 32;
    %jmp T_12.0;
T_12.1 ;
    %end;
    .thread T_12;
    .scope S_0x59a46029d0c0;
T_13 ;
    %wait E_0x59a4602c1a50;
    %load/vec4 v0x59a4602e3180_0;
    %flag_set/vec4 8;
    %jmp/0xz  T_13.0, 8;
    %load/vec4 v0x59a4602e3e70_0;
    %cmpi/ne 0, 0, 32;
    %jmp/0xz  T_13.2, 4;
    %load/vec4 v0x59a4602e2d70_0;
    %ix/getv 3, v0x59a4602e28b0_0;
    %ix/load 4, 0, 0; Constant delay
    %assign/vec4/a/d v0x59a4602e3870, 0, 4;
T_13.2 ;
    %ix/getv 4, v0x59a4602e28b0_0;
    %load/vec4a v0x59a4602e3870, 4;
    %assign/vec4 v0x59a4602e2f30_0, 0;
T_13.0 ;
    %jmp T_13;
    .thread T_13;
    .scope S_0x59a46029d0c0;
T_14 ;
    %wait E_0x59a4602c1290;
    %load/vec4 v0x59a4602e3240_0;
    %flag_set/vec4 8;
    %jmp/0xz  T_14.0, 8;
    %load/vec4 v0x59a4602e3f50_0;
    %cmpi/ne 0, 0, 32;
    %jmp/0xz  T_14.2, 4;
    %load/vec4 v0x59a4602e2e50_0;
    %ix/getv 3, v0x59a4602e29b0_0;
    %ix/load 4, 0, 0; Constant delay
    %assign/vec4/a/d v0x59a4602e3870, 0, 4;
T_14.2 ;
    %ix/getv 4, v0x59a4602e29b0_0;
    %load/vec4a v0x59a4602e3870, 4;
    %assign/vec4 v0x59a4602e30a0_0, 0;
T_14.0 ;
    %jmp T_14;
    .thread T_14;
# The file index is used to find the file name in the following table.
:file_names 3;
    "N/A";
    "<interactive>";
    "/home/haitaoz/work/FPGA_Prj/fpga_webserver-whitelist_dev/sim/vendor_stubs.sv";
