#! /usr/bin/vvp
:ivl_version "12.0 (stable)";
:ivl_delay_selection "TYPICAL";
:vpi_time_precision + 0;
:vpi_module "/usr/lib/x86_64-linux-gnu/ivl/system.vpi";
:vpi_module "/usr/lib/x86_64-linux-gnu/ivl/vhdl_sys.vpi";
:vpi_module "/usr/lib/x86_64-linux-gnu/ivl/vhdl_textio.vpi";
:vpi_module "/usr/lib/x86_64-linux-gnu/ivl/v2005_math.vpi";
:vpi_module "/usr/lib/x86_64-linux-gnu/ivl/va_math.vpi";
S_0x5dc0b9de4c50 .scope module, "pll_50m" "pll_50m" 2 17;
 .timescale 0 0;
    .port_info 0 /OUTPUT 1 "c0";
    .port_info 1 /OUTPUT 1 "c1";
    .port_info 2 /OUTPUT 1 "c2";
    .port_info 3 /OUTPUT 1 "locked";
    .port_info 4 /INPUT 1 "inclk0";
o0x74008eecf018 .functor BUFZ 1, C4<z>; HiZ drive
v0x5dc0b9de4e60_0 .net "c0", 0 0, o0x74008eecf018;  0 drivers
o0x74008eecf048 .functor BUFZ 1, C4<z>; HiZ drive
v0x5dc0b9e05b50_0 .net "c1", 0 0, o0x74008eecf048;  0 drivers
o0x74008eecf078 .functor BUFZ 1, C4<z>; HiZ drive
v0x5dc0b9e05c10_0 .net "c2", 0 0, o0x74008eecf078;  0 drivers
o0x74008eecf0a8 .functor BUFZ 1, C4<z>; HiZ drive
v0x5dc0b9e05ce0_0 .net "inclk0", 0 0, o0x74008eecf0a8;  0 drivers
o0x74008eecf0d8 .functor BUFZ 1, C4<z>; HiZ drive
v0x5dc0b9e05da0_0 .net "locked", 0 0, o0x74008eecf0d8;  0 drivers
# The file index is used to find the file name in the following table.
:file_names 3;
    "N/A";
    "<interactive>";
    "/home/haitaoz/work/FPGA_Prj/fpga_webserver-whitelist_dev/ip_vendor/xilinx_xc7a35tfgg484/PLL/pll_50m_stub.v";
